---
source: autospy_macro/src/generate.rs
assertion_line: 283
expression: "generate_pretty(quote!\n{\n    #[async_trait] trait TestTrait: Send + Sync + 'static\n    { async fn function(&self); }\n})"
---
#[async_trait]
trait TestTrait: Send + Sync + 'static {
    async fn function(&self);
}
#[cfg(test)]
#[derive(Default, Clone)]
struct TestTraitSpy {
    pub function: autospy::SpyFunction<(), ()>,
}
#[cfg(test)]
#[async_trait]
impl TestTrait for TestTraitSpy {
    async fn function(&self) {
        self.function.spy(())
    }
}
