---
source: autospy_macro/src/generate.rs
assertion_line: 139
expression: "generate_pretty(quote! { trait TestTrait { fn function(&self) -> bool; } })"
---
trait TestTrait {
    fn function(&self) -> bool;
}
#[cfg(any(test, not(feature = "test")))]
#[derive(Default, Clone)]
struct TestTraitSpy {
    pub function: autospy::SpyFunction<(), bool>,
}
#[cfg(any(test, not(feature = "test")))]
impl TestTrait for TestTraitSpy {
    fn function(&self) -> bool {
        self.function.spy(())
    }
}
