---
source: autospy_macro/src/generate.rs
assertion_line: 121
expression: "generate_pretty(quote! { pub trait TestTrait { fn function(&self); } })"
---
pub trait TestTrait {
    fn function(&self);
}
#[cfg(any(test, not(feature = "test")))]
#[derive(Default, Clone)]
pub struct TestTraitSpy {
    pub function: autospy::SpyFunction<(), ()>,
}
#[cfg(any(test, not(feature = "test")))]
impl TestTrait for TestTraitSpy {
    fn function(&self) {
        self.function.spy(())
    }
}
