---
source: autospy_macro/src/generate.rs
assertion_line: 354
expression: "generate_pretty(quote!\n{\n    trait TestTrait\n    {\n        #[cfg_attr(test, autospy(\"example\"))] const VALUE: &'static str; fn\n        function(&self);\n    }\n})"
---
trait TestTrait {
    const VALUE: &'static str;
    fn function(&self);
}
#[cfg(test)]
#[derive(Default, Clone)]
struct TestTraitSpy {
    pub function: autospy::SpyFunction<(), ()>,
}
#[cfg(test)]
impl TestTrait for TestTraitSpy {
    const VALUE: &'static str = "example";
    fn function(&self) {
        self.function.spy(())
    }
}
