---
source: autospy_macro/src/generate.rs
assertion_line: 44
expression: "generate_pretty(quote!\n{\n    trait MyTrait\n    { fn function(&self, #[autospy(into=\"IpAddr\")] ip: [u8; 4]); }\n})"
---
trait MyTrait {
    fn function(&self, ip: [u8; 4]);
}
#[cfg(any(test, not(feature = "test")))]
#[derive(Default, Clone)]
struct MyTraitSpy {
    pub function: autospy::SpyFunction<IpAddr, ()>,
}
#[cfg(any(test, not(feature = "test")))]
impl MyTrait for MyTraitSpy {
    fn function(&self, ip: [u8; 4]) {
        self.function.spy(ip.into())
    }
}
