---
source: autospy_macro/src/generate.rs
expression: "generate_pretty(quote!\n{\n    trait TestTrait\n    {\n        #[some_attribute] #[autospy(returns = String)] fn function(&self) ->\n        impl ToString;\n    }\n})"
---
trait TestTrait {
    #[some_attribute]
    fn function(&self) -> impl ToString;
}
#[derive(Default, Clone)]
struct TestTraitSpy {
    pub function: autospy::SpyFunction<(), String>,
}
impl TestTrait for TestTraitSpy {
    fn function(&self) -> impl ToString {
        self.function.spy(())
    }
}
