---
source: autospy_macro/src/generate.rs
assertion_line: 55
expression: "prettyplease::unparse(&syn::parse_file(&expanded).unwrap())"
---
#[cfg(test)]
#[derive(Default, Clone)]
struct ReadSpy {
    pub read: autospy::SpyFunction<<[u8] as ToOwned>::Owned, std::io::Result<usize>>,
}
#[cfg(test)]
impl Read for ReadSpy {
    fn read(&mut self, buf: &mut [u8]) -> std::io::Result<usize> {
        self.read.spy(buf.to_owned())
    }
}
