---
source: autospy_macro/src/generate.rs
expression: "generate_pretty(quote!\n{\n    trait TestTrait\n    { fn function(&self, #[autospy(ignore)] ignored: &str, captured: &str); }\n})"
---
trait TestTrait {
    fn function(&self, ignored: &str, captured: &str);
}
#[derive(Default, Clone)]
struct TestTraitSpy {
    pub function: autospy::SpyFunction<<str as ToOwned>::Owned, ()>,
}
impl TestTrait for TestTraitSpy {
    fn function(&self, _: &str, captured: &str) {
        self.function.spy(captured.to_owned())
    }
}
