---
source: autospy_macro/src/generate.rs
expression: "generate_pretty(parse_quote!\n{ #[async_trait] trait TestTrait { async fn function(&self); } })"
---
#[async_trait]
trait TestTrait {
    async fn function(&self);
}
#[cfg(test)]
#[derive(Clone)]
struct TestTraitSpy {
    pub function: autospy::SpyFunction<(), ()>,
}
#[cfg(test)]
impl Default for TestTraitSpy {
    fn default() -> Self {
        Self {
            function: autospy::SpyFunction::from("function"),
        }
    }
}
#[cfg(test)]
#[async_trait]
impl TestTrait for TestTraitSpy {
    #[track_caller]
    async fn function(&self) {
        self.function.spy(())
    }
}
