---
source: autospy_macro/src/generate.rs
expression: "generate_pretty(quote! { pub(crate) trait TestTrait { fn function(&self); } })"
---
pub(crate) trait TestTrait {
    fn function(&self);
}
#[derive(Default, Clone)]
pub(crate) struct TestTraitSpy {
    pub function: autospy::SpyFunction<(), ()>,
}
impl TestTrait for TestTraitSpy {
    fn function(&self) {
        self.function.spy(())
    }
}
