---
source: autospy_macro/src/generate.rs
assertion_line: 229
expression: "generate_pretty(quote!\n{\n    trait TestTrait\n    { #[autospy(String)] type Item; fn function(&self) -> Self::Item; }\n})"
---
trait TestTrait {
    type Item;
    fn function(&self) -> Self::Item;
}
#[derive(Default, Clone)]
struct TestTraitSpy {
    pub function: autospy::SpyFunction<(), String>,
}
impl TestTrait for TestTraitSpy {
    type Item = String;
    fn function(&self) -> Self::Item {
        self.function.spy(())
    }
}
