---
source: autospy_macro/src/generate.rs
assertion_line: 373
expression: "generate_pretty(quote!\n{\n    trait TestTrait\n    {\n        #[autospy(String)] type Item; fn\n        function(&self, argument: Self::Item);\n    }\n})"
---
trait TestTrait {
    type Item;
    fn function(&self, argument: Self::Item);
}
#[derive(Default, Clone)]
struct TestTraitSpy {
    pub function: autospy::SpyFunction<<String as ToOwned>::Owned, ()>,
}
impl TestTrait for TestTraitSpy {
    type Item = String;
    fn function(&self, argument: Self::Item) {
        self.function.spy(argument.to_owned())
    }
}
