---
source: autospy_macro/src/generate.rs
expression: "generate_pretty(parse_quote! { unsafe trait TestTrait {} })"
---
unsafe trait TestTrait {}
#[cfg(test)]
#[derive(Clone)]
struct TestTraitSpy {}
#[cfg(test)]
impl Default for TestTraitSpy {
    fn default() -> Self {
        Self {}
    }
}
#[cfg(test)]
unsafe impl TestTrait for TestTraitSpy {}
