---
source: autospy_macro/src/generate.rs
expression: "generate_pretty(parse_quote!\n{\n    trait TestTrait\n    { fn function(&self, #[autospy(ignore)] ignored: &str, captured: &str); }\n})"
---
trait TestTrait {
    fn function(&self, ignored: &str, captured: &str);
}
#[cfg(test)]
#[derive(Clone)]
struct TestTraitSpy {
    pub function: autospy::SpyFunction<<str as ToOwned>::Owned, ()>,
}
#[cfg(test)]
impl Default for TestTraitSpy {
    fn default() -> Self {
        Self {
            function: autospy::SpyFunction::from("function"),
        }
    }
}
#[cfg(test)]
impl TestTrait for TestTraitSpy {
    #[track_caller]
    fn function(&self, _: &str, captured: &str) {
        self.function.spy(captured.to_owned())
    }
}
