---
source: autospy_macro/src/generate.rs
assertion_line: 114
expression: "generate_pretty(parse_quote!\n{\n    trait TestTrait\n    {\n        fn\n        function(&self, #[cfg_attr(test, autospy(ignore))] ignored: &str,\n        captured: &str);\n    }\n})"
---
trait TestTrait {
    fn function(&self, ignored: &str, captured: &str);
}
#[cfg(test)]
#[derive(Clone)]
struct TestTraitSpy {
    pub function: autospy::SpyFunction<<str as ToOwned>::Owned, ()>,
}
#[cfg(test)]
impl Default for TestTraitSpy {
    fn default() -> Self {
        Self {
            function: autospy::SpyFunction::from("function"),
        }
    }
}
#[cfg(test)]
impl TestTrait for TestTraitSpy {
    fn function(&self, _: &str, captured: &str) {
        self.function.spy(captured.to_owned())
    }
}
