---
source: autospy_macro/src/generate.rs
assertion_line: 166
expression: "generate_pretty(quote!\n{ trait TestTrait { fn function(&self, argument: &&&str); } })"
---
trait TestTrait {
    fn function(&self, argument: &&&str);
}
#[cfg(test)]
#[derive(Default, Clone)]
struct TestTraitSpy {
    pub function: autospy::SpyFunction<<str as ToOwned>::Owned, ()>,
}
#[cfg(test)]
impl TestTrait for TestTraitSpy {
    fn function(&self, argument: &&&str) {
        self.function.spy((**argument).to_owned())
    }
}
