---
source: autospy_macro/src/generate.rs
assertion_line: 220
expression: "generate_pretty(quote!\n{\n    trait TestTrait\n    { #[autospy(returns = \"String\")] fn function(&self) -> impl ToString; }\n})"
---
trait TestTrait {
    fn function(&self) -> impl ToString;
}
#[cfg(any(test, not(feature = "test")))]
#[derive(Default, Clone)]
struct TestTraitSpy {
    pub function: autospy::SpyFunction<(), String>,
}
#[cfg(any(test, not(feature = "test")))]
impl TestTrait for TestTraitSpy {
    fn function(&self) -> impl ToString {
        self.function.spy(())
    }
}
