---
source: autospy_macro/src/generate.rs
assertion_line: 319
expression: "generate_pretty(parse_quote!\n{\n    trait TestTrait\n    {\n        #[autospy(String)] type Item; fn\n        function(&self, argument: Self::Item);\n    }\n})"
---
trait TestTrait {
    type Item;
    fn function(&self, argument: Self::Item);
}
#[cfg(test)]
#[derive(Clone)]
struct TestTraitSpy {
    pub function: autospy::SpyFunction<String, ()>,
}
#[cfg(test)]
impl Default for TestTraitSpy {
    fn default() -> Self {
        Self {
            function: autospy::SpyFunction::from("function"),
        }
    }
}
#[cfg(test)]
impl TestTrait for TestTraitSpy {
    type Item = String;
    fn function(&self, argument: Self::Item) {
        self.function.spy(argument)
    }
}
