---
source: autospy_macro/src/generate.rs
assertion_line: 214
expression: "generate_pretty(parse_quote!\n{ trait TestTrait { fn function(&self, argument: &&&str); } })"
---
trait TestTrait {
    fn function(&self, argument: &&&str);
}
#[cfg(test)]
#[derive(Clone)]
struct TestTraitSpy {
    pub function: autospy::SpyFunction<<str as ToOwned>::Owned, ()>,
}
#[cfg(test)]
impl Default for TestTraitSpy {
    fn default() -> Self {
        Self {
            function: autospy::SpyFunction::from("function"),
        }
    }
}
#[cfg(test)]
impl TestTrait for TestTraitSpy {
    #[track_caller]
    fn function(&self, argument: &&&str) {
        self.function.spy((**argument).to_owned())
    }
}
