---
source: autospy_macro/src/generate.rs
expression: "generate_pretty(parse_quote!\n{\n    trait TestTrait\n    { fn function(&self, argument1: &&&&str, argument2: &&&str); }\n})"
---
trait TestTrait {
    fn function(&self, argument1: &&&&str, argument2: &&&str);
}
#[cfg(test)]
#[derive(Clone)]
struct TestTraitSpy {
    pub function: autospy::SpyFunction<
        (<str as ToOwned>::Owned, <str as ToOwned>::Owned),
        (),
    >,
}
#[cfg(test)]
impl Default for TestTraitSpy {
    fn default() -> Self {
        Self {
            function: autospy::SpyFunction::from("function"),
        }
    }
}
#[cfg(test)]
impl TestTrait for TestTraitSpy {
    #[track_caller]
    fn function(&self, argument1: &&&&str, argument2: &&&str) {
        self.function.spy(((***argument1).to_owned(), (**argument2).to_owned()))
    }
}
