---
source: autospy_macro/src/generate.rs
assertion_line: 74
expression: "generate_pretty(quote!\n{\n    trait MyTrait\n    {\n        fn\n        function(&self,\n        #[cfg_attr(test,\n        autospy(into=\"Result<String,Utf8Error>\", with=\"String::from_utf8\"))]\n        bytes: Vec<u8>,);\n    }\n})"
---
trait MyTrait {
    fn function(&self, bytes: Vec<u8>);
}
#[cfg(test)]
#[derive(Default, Clone)]
struct MyTraitSpy {
    pub function: autospy::SpyFunction<Result<String, Utf8Error>, ()>,
}
#[cfg(test)]
impl MyTrait for MyTraitSpy {
    fn function(&self, bytes: Vec<u8>) {
        self.function.spy(String::from_utf8(bytes))
    }
}
