---
source: autospy_macro/src/generate.rs
assertion_line: 408
expression: "generate_pretty(parse_quote! { trait TestTrait<T> where T: Copy {} })"
---
trait TestTrait<T>
where
    T: Copy,
{}
#[cfg(test)]
#[derive(Default, Clone)]
struct TestTraitSpy<T>
where
    T: Copy,
{}
#[cfg(test)]
impl<T> TestTrait<T> for TestTraitSpy<T>
where
    T: Copy,
{}
