---
source: autospy_macro/src/generate.rs
expression: "generate_pretty(parse_quote!\n{\n    trait TestTrait\n    { #[autospy(returns = \"String\")] fn function(&self) -> impl ToString; }\n})"
---
trait TestTrait {
    fn function(&self) -> impl ToString;
}
#[cfg(test)]
#[derive(Clone)]
struct TestTraitSpy {
    pub function: autospy::SpyFunction<(), String>,
}
#[cfg(test)]
impl Default for TestTraitSpy {
    fn default() -> Self {
        Self {
            function: autospy::SpyFunction::from("function"),
        }
    }
}
#[cfg(test)]
impl TestTrait for TestTraitSpy {
    #[track_caller]
    fn function(&self) -> impl ToString {
        self.function.spy(())
    }
}
