---
source: autospy_macro/src/generate.rs
assertion_line: 109
expression: "generate_pretty(quote! { pub trait TestTrait { fn function(&self); } })"
---
pub trait TestTrait {
    fn function(&self);
}
#[derive(Default, Clone)]
pub struct TestTraitSpy {
    pub function: autospy::SpyFunction<(), ()>,
}
impl TestTrait for TestTraitSpy {
    fn function(&self) {
        self.function.spy(())
    }
}
